.next/types/app/api/contractors/projects/[id]/material-requests/[requestId]/route.ts(283,7): error TS2344: Type '{ __tag__: "PATCH"; __param_position__: "second"; __param_type__: { params: { id: string; requestId: string; }; }; }' does not satisfy the constraint 'ParamCheck<RouteContext>'.
  The types of '__param_type__.params' are incompatible between these types.
    Type '{ id: string; requestId: string; }' is missing the following properties from type 'Promise<any>': then, catch, finally, [Symbol.toStringTag]
.next/types/app/api/contractors/projects/[id]/material-requests/route.ts(49,7): error TS2344: Type '{ __tag__: "GET"; __param_position__: "second"; __param_type__: { params: { id: string; }; }; }' does not satisfy the constraint 'ParamCheck<RouteContext>'.
  The types of '__param_type__.params' are incompatible between these types.
    Type '{ id: string; }' is missing the following properties from type 'Promise<any>': then, catch, finally, [Symbol.toStringTag]
.next/types/app/api/contractors/projects/[id]/reports/route.ts(49,7): error TS2344: Type '{ __tag__: "GET"; __param_position__: "second"; __param_type__: { params: { id: string; }; }; }' does not satisfy the constraint 'ParamCheck<RouteContext>'.
  The types of '__param_type__.params' are incompatible between these types.
    Type '{ id: string; }' is missing the following properties from type 'Promise<any>': then, catch, finally, [Symbol.toStringTag]
.next/types/app/api/customer/milestones/[milestoneId]/release/route.ts(166,7): error TS2344: Type '{ __tag__: "POST"; __param_position__: "second"; __param_type__: { params: { milestoneId: string; }; }; }' does not satisfy the constraint 'ParamCheck<RouteContext>'.
  The types of '__param_type__.params' are incompatible between these types.
    Type '{ milestoneId: string; }' is missing the following properties from type 'Promise<any>': then, catch, finally, [Symbol.toStringTag]
.next/types/app/api/customer/reports/[id]/dispute/route.ts(283,7): error TS2344: Type '{ __tag__: "PATCH"; __param_position__: "second"; __param_type__: { params: { id: string; }; }; }' does not satisfy the constraint 'ParamCheck<RouteContext>'.
  The types of '__param_type__.params' are incompatible between these types.
    Type '{ id: string; }' is missing the following properties from type 'Promise<any>': then, catch, finally, [Symbol.toStringTag]
.next/types/app/api/notifications/route.ts(12,13): error TS2344: Type 'OmitWithTag<typeof import("D:/construction-materials-store/src/app/api/notifications/route"), "POST" | "GET" | "HEAD" | "OPTIONS" | "PUT" | "DELETE" | "PATCH" | "config" | "generateStaticParams" | ... 6 more ... | "maxDuration", "">' does not satisfy the constraint '{ [x: string]: never; }'.
  Property 'getUserIdFromRequest' is incompatible with index signature.
    Type '(request: NextRequest) => Promise<string | null>' is not assignable to type 'never'.
.next/types/app/api/public/delivery/[token]/complete/route.ts(166,7): error TS2344: Type '{ __tag__: "POST"; __param_position__: "second"; __param_type__: { params: { token: string; }; }; }' does not satisfy the constraint 'ParamCheck<RouteContext>'.
  The types of '__param_type__.params' are incompatible between these types.
    Type '{ token: string; }' is missing the following properties from type 'Promise<any>': then, catch, finally, [Symbol.toStringTag]
.next/types/app/api/public/delivery/[token]/ping/route.ts(166,7): error TS2344: Type '{ __tag__: "POST"; __param_position__: "second"; __param_type__: { params: { token: string; }; }; }' does not satisfy the constraint 'ParamCheck<RouteContext>'.
  The types of '__param_type__.params' are incompatible between these types.
    Type '{ token: string; }' is missing the following properties from type 'Promise<any>': then, catch, finally, [Symbol.toStringTag]
.next/types/app/api/public/delivery/[token]/route.ts(49,7): error TS2344: Type '{ __tag__: "GET"; __param_position__: "second"; __param_type__: { params: { token: string; }; }; }' does not satisfy the constraint 'ParamCheck<RouteContext>'.
  The types of '__param_type__.params' are incompatible between these types.
    Type '{ token: string; }' is missing the following properties from type 'Promise<any>': then, catch, finally, [Symbol.toStringTag]
.next/types/app/api/public/project-info/[token]/route.ts(49,7): error TS2344: Type '{ __tag__: "GET"; __param_position__: "second"; __param_type__: { params: { token: string; }; }; }' does not satisfy the constraint 'ParamCheck<RouteContext>'.
  The types of '__param_type__.params' are incompatible between these types.
    Type '{ token: string; }' is missing the following properties from type 'Promise<any>': then, catch, finally, [Symbol.toStringTag]
.next/types/app/api/public/project-tracking/[token]/route.ts(49,7): error TS2344: Type '{ __tag__: "GET"; __param_position__: "second"; __param_type__: { params: { token: string; }; }; }' does not satisfy the constraint 'ParamCheck<RouteContext>'.
  The types of '__param_type__.params' are incompatible between these types.
    Type '{ token: string; }' is missing the following properties from type 'Promise<any>': then, catch, finally, [Symbol.toStringTag]
.next/types/validator.ts(1377,31): error TS2344: Type 'typeof import("D:/construction-materials-store/src/app/api/contractors/projects/[id]/material-requests/[requestId]/route")' does not satisfy the constraint 'RouteHandlerConfig<"/api/contractors/projects/[id]/material-requests/[requestId]">'.
  Types of property 'PATCH' are incompatible.
    Type '(request: NextRequest, { params }: { params: { id: string; requestId: string; }; }) => Promise<NextResponse<ApiResponse<any>>>' is not assignable to type '(request: NextRequest, context: { params: Promise<{ id: string; requestId: string; }>; }) => void | Response | Promise<void | Response>'.
      Types of parameters '__1' and 'context' are incompatible.
        Type '{ params: Promise<{ id: string; requestId: string; }>; }' is not assignable to type '{ params: { id: string; requestId: string; }; }'.
          Types of property 'params' are incompatible.
            Type 'Promise<{ id: string; requestId: string; }>' is missing the following properties from type '{ id: string; requestId: string; }': id, requestId
.next/types/validator.ts(1386,31): error TS2344: Type 'typeof import("D:/construction-materials-store/src/app/api/contractors/projects/[id]/material-requests/route")' does not satisfy the constraint 'RouteHandlerConfig<"/api/contractors/projects/[id]/material-requests">'.
  Types of property 'GET' are incompatible.
    Type '(request: NextRequest, { params }: { params: { id: string; }; }) => Promise<NextResponse<ApiResponse<any>>>' is not assignable to type '(request: NextRequest, context: { params: Promise<{ id: string; }>; }) => void | Response | Promise<void | Response>'.
      Types of parameters '__1' and 'context' are incompatible.
        Type '{ params: Promise<{ id: string; }>; }' is not assignable to type '{ params: { id: string; }; }'.
          Types of property 'params' are incompatible.
            Property 'id' is missing in type 'Promise<{ id: string; }>' but required in type '{ id: string; }'.
.next/types/validator.ts(1404,31): error TS2344: Type 'typeof import("D:/construction-materials-store/src/app/api/contractors/projects/[id]/reports/route")' does not satisfy the constraint 'RouteHandlerConfig<"/api/contractors/projects/[id]/reports">'.
  Types of property 'GET' are incompatible.
    Type '(request: NextRequest, { params }: { params: { id: string; }; }) => Promise<NextResponse<ApiResponse<any>>>' is not assignable to type '(request: NextRequest, context: { params: Promise<{ id: string; }>; }) => void | Response | Promise<void | Response>'.
      Types of parameters '__1' and 'context' are incompatible.
        Type '{ params: Promise<{ id: string; }>; }' is not assignable to type '{ params: { id: string; }; }'.
          Types of property 'params' are incompatible.
            Property 'id' is missing in type 'Promise<{ id: string; }>' but required in type '{ id: string; }'.
.next/types/validator.ts(1548,31): error TS2344: Type 'typeof import("D:/construction-materials-store/src/app/api/customer/milestones/[milestoneId]/release/route")' does not satisfy the constraint 'RouteHandlerConfig<"/api/customer/milestones/[milestoneId]/release">'.
  Types of property 'POST' are incompatible.
    Type '(request: NextRequest, { params }: { params: { milestoneId: string; }; }) => Promise<NextResponse<ApiResponse<any>>>' is not assignable to type '(request: NextRequest, context: { params: Promise<{ milestoneId: string; }>; }) => void | Response | Promise<void | Response>'.
      Types of parameters '__1' and 'context' are incompatible.
        Type '{ params: Promise<{ milestoneId: string; }>; }' is not assignable to type '{ params: { milestoneId: string; }; }'.
          Types of property 'params' are incompatible.
            Property 'milestoneId' is missing in type 'Promise<{ milestoneId: string; }>' but required in type '{ milestoneId: string; }'.
.next/types/validator.ts(1557,31): error TS2344: Type 'typeof import("D:/construction-materials-store/src/app/api/customer/reports/[id]/dispute/route")' does not satisfy the constraint 'RouteHandlerConfig<"/api/customer/reports/[id]/dispute">'.
  Types of property 'PATCH' are incompatible.
    Type '(request: NextRequest, { params }: { params: { id: string; }; }) => Promise<NextResponse<ApiResponse<any>>>' is not assignable to type '(request: NextRequest, context: { params: Promise<{ id: string; }>; }) => void | Response | Promise<void | Response>'.
      Types of parameters '__1' and 'context' are incompatible.
        Type '{ params: Promise<{ id: string; }>; }' is not assignable to type '{ params: { id: string; }; }'.
          Types of property 'params' are incompatible.
            Property 'id' is missing in type 'Promise<{ id: string; }>' but required in type '{ id: string; }'.
.next/types/validator.ts(1737,31): error TS2344: Type 'typeof import("D:/construction-materials-store/src/app/api/inventory/route")' does not satisfy the constraint 'RouteHandlerConfig<"/api/inventory">'.
  Types of property 'PUT' are incompatible.
    Type '(request: NextRequest, { params }: { params: Promise<{ productId: string; }>; }) => Promise<NextResponse<ApiResponse<any>>>' is not assignable to type '(request: NextRequest, context: { params: Promise<{}>; }) => void | Response | Promise<void | Response>'.
      Types of parameters '__1' and 'context' are incompatible.
        Type '{ params: Promise<{}>; }' is not assignable to type '{ params: Promise<{ productId: string; }>; }'.
          Types of property 'params' are incompatible.
            Type 'Promise<{}>' is not assignable to type 'Promise<{ productId: string; }>'.
              Property 'productId' is missing in type '{}' but required in type '{ productId: string; }'.
.next/types/validator.ts(2268,31): error TS2344: Type 'typeof import("D:/construction-materials-store/src/app/api/public/delivery/[token]/complete/route")' does not satisfy the constraint 'RouteHandlerConfig<"/api/public/delivery/[token]/complete">'.
  Types of property 'POST' are incompatible.
    Type '(request: NextRequest, { params }: { params: { token: string; }; }) => Promise<NextResponse<ApiResponse<any>>>' is not assignable to type '(request: NextRequest, context: { params: Promise<{ token: string; }>; }) => void | Response | Promise<void | Response>'.
      Types of parameters '__1' and 'context' are incompatible.
        Type '{ params: Promise<{ token: string; }>; }' is not assignable to type '{ params: { token: string; }; }'.
          Types of property 'params' are incompatible.
            Property 'token' is missing in type 'Promise<{ token: string; }>' but required in type '{ token: string; }'.
.next/types/validator.ts(2277,31): error TS2344: Type 'typeof import("D:/construction-materials-store/src/app/api/public/delivery/[token]/ping/route")' does not satisfy the constraint 'RouteHandlerConfig<"/api/public/delivery/[token]/ping">'.
  Types of property 'POST' are incompatible.
    Type '(request: NextRequest, { params }: { params: { token: string; }; }) => Promise<NextResponse<ApiResponse<any>>>' is not assignable to type '(request: NextRequest, context: { params: Promise<{ token: string; }>; }) => void | Response | Promise<void | Response>'.
      Types of parameters '__1' and 'context' are incompatible.
        Type '{ params: Promise<{ token: string; }>; }' is not assignable to type '{ params: { token: string; }; }'.
          Types of property 'params' are incompatible.
            Property 'token' is missing in type 'Promise<{ token: string; }>' but required in type '{ token: string; }'.
.next/types/validator.ts(2286,31): error TS2344: Type 'typeof import("D:/construction-materials-store/src/app/api/public/delivery/[token]/route")' does not satisfy the constraint 'RouteHandlerConfig<"/api/public/delivery/[token]">'.
  Types of property 'GET' are incompatible.
    Type '(request: NextRequest, { params }: { params: { token: string; }; }) => Promise<NextResponse<ApiResponse<any>>>' is not assignable to type '(request: NextRequest, context: { params: Promise<{ token: string; }>; }) => void | Response | Promise<void | Response>'.
      Types of parameters '__1' and 'context' are incompatible.
        Type '{ params: Promise<{ token: string; }>; }' is not assignable to type '{ params: { token: string; }; }'.
          Types of property 'params' are incompatible.
            Property 'token' is missing in type 'Promise<{ token: string; }>' but required in type '{ token: string; }'.
.next/types/validator.ts(2304,31): error TS2344: Type 'typeof import("D:/construction-materials-store/src/app/api/public/project-info/[token]/route")' does not satisfy the constraint 'RouteHandlerConfig<"/api/public/project-info/[token]">'.
  Types of property 'GET' are incompatible.
    Type '(request: NextRequest, { params }: { params: { token: string; }; }) => Promise<NextResponse<ApiResponse<any>>>' is not assignable to type '(request: NextRequest, context: { params: Promise<{ token: string; }>; }) => void | Response | Promise<void | Response>'.
      Types of parameters '__1' and 'context' are incompatible.
        Type '{ params: Promise<{ token: string; }>; }' is not assignable to type '{ params: { token: string; }; }'.
          Types of property 'params' are incompatible.
            Property 'token' is missing in type 'Promise<{ token: string; }>' but required in type '{ token: string; }'.
.next/types/validator.ts(2313,31): error TS2344: Type 'typeof import("D:/construction-materials-store/src/app/api/public/project-tracking/[token]/route")' does not satisfy the constraint 'RouteHandlerConfig<"/api/public/project-tracking/[token]">'.
  Types of property 'GET' are incompatible.
    Type '(request: NextRequest, { params }: { params: { token: string; }; }) => Promise<NextResponse<ApiResponse<any>>>' is not assignable to type '(request: NextRequest, context: { params: Promise<{ token: string; }>; }) => void | Response | Promise<void | Response>'.
      Types of parameters '__1' and 'context' are incompatible.
        Type '{ params: Promise<{ token: string; }>; }' is not assignable to type '{ params: { token: string; }; }'.
          Types of property 'params' are incompatible.
            Property 'token' is missing in type 'Promise<{ token: string; }>' but required in type '{ token: string; }'.
prisma/seed-contractor.ts(25,13): error TS2322: Type '"USER"' is not assignable to type 'UserRole | undefined'.
src/app/admin/ml-training/page.tsx(121,16): error TS2322: Type '{ children: Element; variant: string; }' is not assignable to type 'IntrinsicAttributes & HTMLAttributes<HTMLDivElement> & RefAttributes<HTMLDivElement>'.
  Property 'variant' does not exist on type 'IntrinsicAttributes & HTMLAttributes<HTMLDivElement> & RefAttributes<HTMLDivElement>'.
src/app/api/admin/ai-summary/route.ts(23,32): error TS2322: Type '"COMPLETED"' is not assignable to type 'OrderStatus'.
src/app/api/admin/ai-summary/route.ts(37,41): error TS2339: Property 'raw' does not exist on type 'PrismaClient<PrismaClientOptions, never, DefaultArgs>'.
src/app/api/admin/reviews/route.ts(53,11): error TS2741: Property 'mode' is missing in type '{ contains: string; }' but required in type '{ contains: string; mode: "insensitive"; }'.
src/app/api/admin/reviews/route.ts(54,11): error TS2741: Property 'mode' is missing in type '{ contains: string; }' but required in type '{ contains: string; mode: "insensitive"; }'.
src/app/api/admin/reviews/route.ts(55,11): error TS2741: Property 'mode' is missing in type '{ contains: string; }' but required in type '{ contains: string; mode: "insensitive"; }'.
src/app/api/admin/reviews/route.ts(56,11): error TS2741: Property 'mode' is missing in type '{ contains: string; }' but required in type '{ contains: string; mode: "insensitive"; }'.
src/app/api/admin/reviews/route.ts(57,22): error TS2741: Property 'mode' is missing in type '{ contains: string; }' but required in type '{ contains: string; mode: "insensitive"; }'.
src/app/api/admin/reviews/route.ts(58,22): error TS2741: Property 'mode' is missing in type '{ contains: string; }' but required in type '{ contains: string; mode: "insensitive"; }'.
src/app/api/analytics/dashboard/route.ts(45,21): error TS2322: Type 'string[]' is not assignable to type 'OrderStatus[] | FieldRef<"Order", "OrderStatus[]"> | undefined'.
  Type 'string[]' is not assignable to type 'OrderStatus[]'.
    Type 'string' is not assignable to type 'OrderStatus'.
src/app/api/analytics/dashboard/route.ts(55,19): error TS2322: Type 'string[]' is not assignable to type 'OrderStatus[] | FieldRef<"Order", "OrderStatus[]"> | undefined'.
  Type 'string[]' is not assignable to type 'OrderStatus[]'.
    Type 'string' is not assignable to type 'OrderStatus'.
src/app/api/analytics/dashboard/route.ts(82,19): error TS2322: Type 'string[]' is not assignable to type 'OrderStatus[] | FieldRef<"Order", "OrderStatus[]"> | undefined'.
  Type 'string[]' is not assignable to type 'OrderStatus[]'.
    Type 'string' is not assignable to type 'OrderStatus'.
src/app/api/analytics/dashboard/route.ts(227,25): error TS18048: 'totalRevenue._sum' is possibly 'undefined'.
src/app/api/applications/[id]/to-cart/route.ts(71,21): error TS2322: Type 'never[]' is not assignable to type 'CartItemUncheckedCreateNestedManyWithoutCartInput | CartItemCreateNestedManyWithoutCartInput | undefined'.
src/app/api/applications/[id]/to-cart/route.ts(79,36): error TS2339: Property 'items' does not exist on type '{ id: string; customerId: string; createdAt: Date; updatedAt: Date; subtotal: number; totalItems: number; }'.
src/app/api/applications/[id]/to-cart/route.ts(135,17): error TS2322: Type 'any[]' is not assignable to type 'CartItemUncheckedUpdateManyWithoutCartNestedInput | CartItemUpdateManyWithoutCartNestedInput | undefined'.
src/app/api/attendance/reports/route.ts(52,18): error TS2322: Type 'string | null' is not assignable to type 'string | undefined'.
  Type 'null' is not assignable to type 'string | undefined'.
src/app/api/loyalty/route.ts(135,55): error TS2339: Property 'adjustPoints' does not exist on type 'typeof LoyaltyService'.
src/app/api/loyalty/vouchers/route.ts(8,47): error TS2339: Property 'getVoucherOptions' does not exist on type 'typeof LoyaltyService'.
src/app/api/loyalty/vouchers/route.ts(57,45): error TS2339: Property 'redeemPointsForVoucher' does not exist on type 'typeof LoyaltyService'.
src/app/api/marketplace/projects/[id]/report/route.ts(70,17): error TS2322: Type '"NEW"' is not assignable to type 'SupportStatus | undefined'.
src/app/api/material-calculator/route.ts(5,37): error TS2305: Module '"@/lib/material-calculator-service"' has no exported member 'ConstructionProject'.
src/app/api/material-calculator/route.ts(40,52): error TS2339: Property 'calculateMaterials' does not exist on type 'typeof MaterialCalculatorService'.
